// Jest Snapshot v1, https://goo.gl/fbAQLP

exports[`Home render snapshot 1`] = `
<div>
  <div
    class="flex flex-col bg-gray-800 w-60"
  >
    <div
      class="flex items-center h-12 px-3 font-semibold text-white shadow-md font-title"
    >
      Dashboard
    </div>
    <div
      class="flex-1 p-3 space-y-2 overflow-y-scroll font-medium text-gray-300 "
    >
      <p
        class="text-white"
      >
        Friends
      </p>
    </div>
  </div>
  <div
    class="flex flex-col flex-1 bg-gray-700"
  />
</div>
`;
